[dotenv@17.2.4] injecting env (7) from .env -- tip: ­ƒöÉ encrypt with Dotenvx: https://dotenvx.com
[dotenv@17.2.4] injecting env (0) from .env -- tip: ÔÜÖ´©Å  write to custom object with { processEnv: myObject }
node : Error al conectar a 
la base de datos: MongooseS
erverSelectionError: Could 
not connect to any servers 
in your MongoDB Atlas 
cluster. One common reason 
is that you're trying to 
access the database from 
an IP that isn't 
whitelisted. Make sure 
your current IP address is 
on your Atlas cluster's IP 
whitelist: https://www.mong
odb.com/docs/atlas/security
-whitelist/
En línea: 1 Carácter: 1
+ node test_create_image_de
faults.js > 
test_output.txt 2>&1
+ ~~~~~~~~~~~~~~~~~~~~~~~~~
~~~~~~~~~~~~~~~~~~~~~~~~~~~
~~~~~
    + CategoryInfo         
     : NotSpecified: (Err  
  or al conect...rity-wh   
 itelist/:String) [], R    
emoteException
    + FullyQualifiedErrorI 
   d : NativeCommandError
 
    at 
_handleConnectionErrors (C:
\Users\tonip\OneDrive\Escri
torio\Proyecto superIntermo
dular\Proyecto-Intermodular
\node_modules\mongoose\lib\
connection.js:1169:11)
    at 
NativeConnection.openUri (C
:\Users\tonip\OneDrive\Escr
itorio\Proyecto superInterm
odular\Proyecto-Intermodula
r\node_modules\mongoose\lib
\connection.js:1100:11)
    at async dbConnection (
C:\Users\tonip\OneDrive\Esc
ritorio\Proyecto superInter
modular\Proyecto-Intermodul
ar\db.js:6:9)
    at async runTest (C:\Us
ers\tonip\OneDrive\Escritor
io\Proyecto superIntermodul
ar\Proyecto-Intermodular\te
st_create_image_defaults.js
:26:5) {
  errorLabelSet: Set(0) {},
  reason: 
TopologyDescription {
    type: 
'ReplicaSetNoPrimary',
    servers: Map(3) {
      'ac-ydvcmbl-shard-00-
00.fm4nrkl.mongodb.net:2701
7' => [ServerDescription],
      'ac-ydvcmbl-shard-00-
02.fm4nrkl.mongodb.net:2701
7' => [ServerDescription],
      'ac-ydvcmbl-shard-00-
01.fm4nrkl.mongodb.net:2701
7' => [ServerDescription]
    },
    stale: false,
    compatible: true,
    heartbeatFrequencyMS: 
10000,
    localThresholdMS: 15,
    setName: 
'atlas-8jt93h-shard-0',
    maxElectionId: null,
    maxSetVersion: null,
    commonWireVersion: 0,
    logicalSessionTimeoutMi
nutes: null
  },
  code: undefined,
  cause: 
TopologyDescription {
    type: 
'ReplicaSetNoPrimary',
    servers: Map(3) {
      'ac-ydvcmbl-shard-00-
00.fm4nrkl.mongodb.net:2701
7' => [ServerDescription],
      'ac-ydvcmbl-shard-00-
02.fm4nrkl.mongodb.net:2701
7' => [ServerDescription],
      'ac-ydvcmbl-shard-00-
01.fm4nrkl.mongodb.net:2701
7' => [ServerDescription]
    },
    stale: false,
    compatible: true,
    heartbeatFrequencyMS: 
10000,
    localThresholdMS: 15,
    setName: 
'atlas-8jt93h-shard-0',
    maxElectionId: null,
    maxSetVersion: null,
    commonWireVersion: 0,
    logicalSessionTimeoutMi
nutes: null
  }
}
